// Jest Snapshot v1, https://goo.gl/fbAQLP

exports[`fulfillsVersionRequirement fulfillsVersionRequirement(^16.13.1, { major: 16, minor: 13, patch: 2 }) 1`] = `false`;

exports[`fulfillsVersionRequirement fulfillsVersionRequirement(16.13.1, { major: 16 }) 1`] = `true`;

exports[`fulfillsVersionRequirement fulfillsVersionRequirement(16.13.1, { major: 16 }) 2`] = `true`;

exports[`fulfillsVersionRequirement fulfillsVersionRequirement(16.13.1, { major: 16, minor: 13 }) 1`] = `true`;

exports[`fulfillsVersionRequirement fulfillsVersionRequirement(16.13.1, { major: 16, minor: 13, patch: 1 }) 1`] = `true`;

exports[`fulfillsVersionRequirement fulfillsVersionRequirement(16.13.1, { major: 16, minor: 13, patch: 2 }) 1`] = `false`;

exports[`fulfillsVersionRequirement fulfillsVersionRequirement(16.13.1, { major: 16, minor: 14 }) 1`] = `false`;

exports[`fulfillsVersionRequirement fulfillsVersionRequirement(16.13.1, { major: 17 }) 1`] = `false`;

exports[`fulfillsVersionRequirement fulfillsVersionRequirement(16.13.1, { major: 17 }) 2`] = `false`;

exports[`fulfillsVersionRequirement fulfillsVersionRequirement(16.13.1, { major: 17, minor: 13 }) 1`] = `false`;

exports[`fulfillsVersionRequirement fulfillsVersionRequirement(16.13.1, { major: 17, minor: 13, patch: 1 }) 1`] = `false`;

exports[`fulfillsVersionRequirement fulfillsVersionRequirement(16.13.1, { major: 17, minor: 13, patch: 2 }) 1`] = `false`;

exports[`fulfillsVersionRequirement fulfillsVersionRequirement(16.13.1, { major: 17, minor: 14 }) 1`] = `false`;

exports[`fulfillsVersionRequirement fulfillsVersionRequirement(17.0.0-rc.1, { major: 16 }) 1`] = `true`;

exports[`fulfillsVersionRequirement warns instead of throwing 1`] = `false`;
