// Jest Snapshot v1, https://goo.gl/fbAQLP

exports[`with tailwind 1`] = `
{
  "tailwindcss/classnames-order": "warn",
  "tailwindcss/enforces-negative-arbitrary-values": "warn",
  "tailwindcss/enforces-shorthand": "warn",
  "tailwindcss/migration-from-tailwind-2": "warn",
  "tailwindcss/no-arbitrary-value": "off",
  "tailwindcss/no-contradicting-classname": "error",
  "tailwindcss/no-custom-classname": "warn",
}
`;
